roster: >= 20.0 IP + probables for the next 2d, 2026
  508 with >= 20.0 IP  (229 starters, 279 relievers)
  + 4 announced starter(s) below the innings cut
  got 512
  [  1/512] Sandy Alcantara            ok 3176 pitches
  [  2/512] Michael Wacha              ok 2899 pitches
  [  3/512] Cristopher Sánchez         ok 2869 pitches
  [  4/512] Eduardo Rodriguez          ok 2790 pitches
  [  5/512] Jesús Luzardo              ok 2967 pitches
  [  6/512] Cam Schlittler             ok 2766 pitches
  [  7/512] Gavin Williams             ok 2932 pitches
  [  8/512] Michael King               ok 3024 pitches
  [  9/512] Tanner Bibee               ok 2953 pitches
  [ 10/512] Parker Messick             ok 2871 pitches
  [ 11/512] Braxton Ashcraft           ok 2602 pitches
  [ 12/512] Logan Gilbert              ok 2758 pitches
  [ 13/512] Yoshinobu Yamamoto         ok 2600 pitches
  [ 14/512] Kevin Gausman              ok 2824 pitches
  [ 15/512] Shane Baz                  ok 2761 pitches
  [ 16/512] Reid Detmers               ok 2712 pitches
  [ 17/512] Nolan McLean               ok 2681 pitches
  [ 18/512] Nick Martinez              ok 2475 pitches
  [ 19/512] Foster Griffin             ok 2697 pitches
  [ 20/512] Noah Cameron               ok 2758 pitches
  [ 21/512] Taj Bradley                ok 2888 pitches
  [ 22/512] George Kirby               ok 2677 pitches
  [ 23/512] Cade Cavalli               ok 2764 pitches
  [ 24/512] Seth Lugo                  ok 2753 pitches
  [ 25/512] Framber Valdez             ok 2684 pitches
  [ 26/512] MacKenzie Gore             ok 2909 pitches
  [ 27/512] Shota Imanaga              ok 2784 pitches
  [ 28/512] Dylan Cease                ok 2757 pitches
  [ 29/512] Bryan Woo                  ok 2574 pitches
  [ 30/512] José Soriano               ok 2782 pitches
  [ 31/512] Jacob Misiorowski          ok 2592 pitches
  [ 32/512] Aaron Nola                 ok 2764 pitches
  [ 33/512] Paul Skenes                ok 2739 pitches
  [ 34/512] Drew Rasmussen             ok 2576 pitches
  [ 35/512] Sean Burke                 ok 2773 pitches
  [ 36/512] Kyle Bradish               ok 2668 pitches
  [ 37/512] Andrew Abbott              ok 2913 pitches
  [ 38/512] Trevor Rogers              ok 2590 pitches
  [ 39/512] Sonny Gray                 ok 2381 pitches
  [ 40/512] Logan Webb                 ok 2438 pitches
  [ 41/512] Chris Sale                 ok 2667 pitches
  [ 42/512] Robbie Ray                 ok 2841 pitches
  [ 43/512] Bryce Elder                ok 2416 pitches
  [ 44/512] Merrill Kelly              ok 2477 pitches
  [ 45/512] Michael McGreevy           ok 2650 pitches
  [ 46/512] Chase Burns                ok 2571 pitches
  [ 47/512] Freddy Peralta             ok 2643 pitches
  [ 48/512] Brady Singer               ok 2821 pitches
  [ 49/512] Landen Roupp               ok 2859 pitches
  [ 50/512] Joey Cantillo              ok 2731 pitches
  [ 51/512] Jacob deGrom               ok 2427 pitches
  [ 52/512] Anthony Kay                ok 2824 pitches
  [ 53/512] Keider Montero             ok 2167 pitches
  [ 54/512] Andre Pallante             ok 2391 pitches
  [ 55/512] Eury Pérez                 ok 2477 pitches
  [ 56/512] Peter Lambert              ok 2533 pitches
  [ 57/512] Matthew Liberatore         ok 2575 pitches
  [ 58/512] Grant Holmes               ok 2267 pitches
  [ 59/512] J.T. Ginn                  ok 2435 pitches
  [ 60/512] Emerson Hancock            ok 2396 pitches
  [ 61/512] Payton Tolle               ok 2239 pitches
  [ 62/512] Brandon Young              ok 2181 pitches
  [ 63/512] Ryan Weathers              ok 2564 pitches
  [ 64/512] Walker Buehler             ok 2540 pitches
  [ 65/512] Will Warren                ok 2622 pitches
  [ 66/512] Bubba Chandler             ok 2512 pitches
  [ 67/512] Zack Wheeler               ok 2225 pitches
  [ 68/512] Dustin May                 ok 2308 pitches
  [ 69/512] Tarik Skubal               ok 2203 pitches
  [ 70/512] Kyle Leahy                 ok 2429 pitches
  [ 71/512] Kumar Rocker               ok 2424 pitches
  [ 72/512] Colin Rea                  ok 2494 pitches
  [ 73/512] Walbert Ureña              ok 2394 pitches
  [ 74/512] Tomoyuki Sugano            ok 2255 pitches
  [ 75/512] Nathan Eovaldi             ok 2198 pitches
  [ 76/512] Justin Wrobleski           ok 2210 pitches
  [ 77/512] Jeffrey Springs            ok 2489 pitches
  [ 78/512] Ranger Suarez              ok 2229 pitches
  [ 79/512] Tyler Mahle                ok 2302 pitches
  [ 80/512] Davis Martin               ok 2302 pitches
  [ 81/512] Joe Ryan                   ok 2257 pitches
  [ 82/512] Sean Manaea                ok 2296 pitches
  [ 83/512] Erick Fedde                ok 2269 pitches
  [ 84/512] David Peterson             ok 2361 pitches
  [ 85/512] Randy Vásquez              ok 2347 pitches
  [ 86/512] Luis Castillo              ok 2538 pitches
  [ 87/512] Martín Pérez               ok 2161 pitches
  [ 88/512] Kyle Freeland              ok 2132 pitches
  [ 89/512] Zack Littell               ok 2056 pitches
  [ 90/512] Michael Lorenzen           ok 2425 pitches
  [ 91/512] Roki Sasaki                ok 2199 pitches
  [ 92/512] Shane McClanahan           ok 1995 pitches
  [ 93/512] Brandon Pfaadt             ok 1871 pitches
  [ 94/512] Bailey Ober                ok 2084 pitches
  [ 95/512] Zebby Matthews             ok 2103 pitches
  [ 96/512] Ian Seymour                ok 2061 pitches
  [ 97/512] Rhett Lowder               ok 2272 pitches
  [ 98/512] Miles Mikolas              ok 1979 pitches
  [ 99/512] Slade Cecconi              ok 2116 pitches
  [100/512] Tyler Phillips             ok 1903 pitches
  [101/512] Mitch Keller               ok 2153 pitches
  [102/512] Casey Mize                 ok 2080 pitches
  [103/512] Shane Drohan               ok 2039 pitches
  [104/512] Carmen Mlodzinski          ok 2085 pitches
  [105/512] Max Meyer                  ok 1861 pitches
  [106/512] Matthew Boyd               ok 1777 pitches
  [107/512] Gerrit Cole                ok 1675 pitches
  [108/512] Adrian Houser              ok 1958 pitches
  [109/512] Kyle Harrison              ok 2243 pitches
  [110/512] Troy Melton                ok 1507 pitches
  [111/512] Janson Junk                ok 1819 pitches
  [112/512] Eric Lauer                 ok 1961 pitches
  [113/512] Ryan Feltner               ok 2034 pitches
  [114/512] Jacob Lopez                ok 2048 pitches
  [115/512] Connor Prielipp            ok 1852 pitches
  [116/512] Andrew Painter             ok 1908 pitches
  [117/512] Spencer Arrighetti         ok 1954 pitches
  [118/512] Brayan Bello               ok 1856 pitches
  [119/512] Jake Bennett               ok 1478 pitches
  [120/512] Aaron Civale               ok 1969 pitches
  [121/512] Chad Patrick               ok 1804 pitches
  [122/512] Jack Perkins               ok 1909 pitches
  [123/512] Bryce Miller               ok 1520 pitches
  [124/512] Zac Gallen                 ok 1821 pitches
  [125/512] Gage Jump                  ok 1822 pitches
  [126/512] Christian Scott            ok 1923 pitches
  [127/512] Max Fried                  ok 1690 pitches
  [128/512] Cal Quantrill              ok 1583 pitches
  [129/512] Brandon Sproat             ok 1879 pitches
  [130/512] Michael Soroka             ok 1735 pitches
  [131/512] Andrew Alvarez             ok 1642 pitches
  [132/512] Mike Burrows               ok 1826 pitches
  [133/512] Emmet Sheehan              ok 1903 pitches
  [134/512] Drew Anderson              ok 1675 pitches
  [135/512] Griffin Jax                ok 1513 pitches
  [136/512] Connelly Early             ok 1760 pitches
  [137/512] Trey Yesavage              ok 1482 pitches
  [138/512] Robert Gasser              ok 1645 pitches
  [139/512] Tanner Gordon              ok 1552 pitches
  [140/512] Jake Irvin                 ok 1750 pitches
  [141/512] Javier Assad               ok 1472 pitches
  [142/512] Hunter Brown               ok 1694 pitches
  [143/512] AJ Blubaugh                ok 1590 pitches
  [144/512] Jack Flaherty              ok 1838 pitches
  [145/512] Clay Holmes                ok 1496 pitches
  [146/512] Jameson Taillon            ok 1674 pitches
  [147/512] Shohei Ohtani              ok 1439 pitches
  [148/512] Spencer Miles              ok 1472 pitches
  [149/512] Nick Lodolo                ok 1739 pitches
  [150/512] Chris Bassitt              ok 1724 pitches
  [151/512] Grayson Rodriguez          ok 1608 pitches
  [152/512] Ryne Nelson                ok 1532 pitches
  [153/512] Sean Newcomb               ok 1538 pitches
  [154/512] Logan Henderson            ok 1306 pitches
  [155/512] Brent Suter                ok 1576 pitches
  [156/512] Patrick Corbin             ok 1360 pitches
  [157/512] Zach Agnos                 ok 1441 pitches
  [158/512] Jack Leiter                ok 1611 pitches
  [159/512] Griffin Canning            ok 1371 pitches
  [160/512] Aaron Ashby                ok 1530 pitches
  [161/512] Jared Jones                ok 1295 pitches
  [162/512] Paul Blackburn             ok 1326 pitches
  [163/512] Lake Bachar                ok 1397 pitches
  [164/512] Adrian Morejon             ok 1322 pitches
  [165/512] Yohan Ramírez              ok 1368 pitches
  [166/512] Edward Cabrera             ok 1558 pitches
  [167/512] Ryan Johnson               ok 1676 pitches
  [168/512] Grant Taylor               ok 1302 pitches
  [169/512] Brad Lord                  ok 1523 pitches
  [170/512] Kai-Wei Teng               ok 1397 pitches
  [171/512] Gordon Graceffo            ok 1074 pitches
  [172/512] Steven Matz                ok 1367 pitches
  [173/512] Reynaldo López             ok 1479 pitches
  [174/512] Ryan Gusto                 ok 1331 pitches
  [175/512] Brent Headrick             ok 1255 pitches
  [176/512] Braydon Fisher             ok 1220 pitches
  [177/512] Tatsuya Imai               ok 1465 pitches
  [178/512] Louis Varland              ok 1174 pitches
  [179/512] Trevor McDonald            ok 1270 pitches
  [180/512] Luinder Avila              ok 1349 pitches
  [181/512] Tyler Wells                ok 1133 pitches
  [182/512] Justin Bruihl              ok 1296 pitches
  [183/512] Trevor Richards            ok 1163 pitches
  [184/512] Brock Burke                ok 1272 pitches
  [185/512] Ben Brown                  ok 1197 pitches
  [186/512] Tyler Holton               ok 1125 pitches
  [187/512] Wandy Peralta              ok 1158 pitches
  [188/512] Steven Okert               ok 1201 pitches
  [189/512] Enyel De Los Santos        ok 1089 pitches
  [190/512] Kevin Kelly                ok 970 pitches
  [191/512] Dean Kremer                ok 1316 pitches
  [192/512] Daniel Lynch IV            ok 1147 pitches
  [193/512] Zac Thornton               ok 1104 pitches
  [194/512] Antonio Senzatela          ok 1190 pitches
  [195/512] Taylor Clarke              ok 1026 pitches
  [196/512] Simeon Woods Richardson    ok 1449 pitches
  [197/512] Andrew Morris              ok 1262 pitches
  [198/512] Noah Schultz               ok 1201 pitches
  [199/512] Ryan Watson                ok 1236 pitches
  [200/512] Didier Fuentes             ok 1224 pitches
  [201/512] Casey Legumina             ok 1137 pitches
  [202/512] Carlos Rodón               ok 1107 pitches
  [203/512] Jack Kochanowicz           ok 1356 pitches
  [204/512] Ryan Zeferjahn             ok 1340 pitches
  [205/512] Bradgley Rodriguez         ok 1206 pitches
  [206/512] Cade Smith                 ok 1180 pitches
  [207/512] Randy Dobnak               ok 1234 pitches
  [208/512] Luis Medina                ok 1240 pitches
  [209/512] Jacob Latz                 ok 1251 pitches
  [210/512] Tyler Rogers               ok 1015 pitches
  [211/512] Tyler Alexander            ok 1192 pitches
  [212/512] Max Scherzer               ok 1260 pitches
  [213/512] Luis Severino              ok 1238 pitches
  [214/512] Huascar Brazobán           ok 1004 pitches
  [215/512] Eduard Bazardo             ok 1067 pitches
  [216/512] Dylan Lee                  ok 1036 pitches
  [217/512] David Bednar               ok 1077 pitches
  [218/512] Hogan Harris               ok 1272 pitches
  [219/512] George Soriano             ok 1148 pitches
  [220/512] José Suarez                ok 1275 pitches
  [221/512] Rico Garcia                ok 974 pitches
  [222/512] Bryan Hudson               ok 1033 pitches
  [223/512] Yoendrys Gómez             ok 1136 pitches
  [224/512] Jacob Webb                 ok 1133 pitches
  [225/512] JT Brubaker                ok 1181 pitches
  [226/512] Calvin Faucher             ok 1093 pitches
  [227/512] Matt Festa                 ok 1068 pitches
  [228/512] Tim Mayza                  ok 1096 pitches
  [229/512] Mason Miller               ok 1045 pitches
  [230/512] Gregory Soto               ok 1055 pitches
  [231/512] Kevin Ginkel               ok 1049 pitches
  [232/512] Juan Mejia                 ok 1193 pitches
  [233/512] Mason Montgomery           ok 1131 pitches
  [234/512] Jovani Morán               ok 1013 pitches
  [235/512] Grant Anderson             ok 1024 pitches
  [236/512] José A. Ferrer             ok 1097 pitches
  [237/512] Jeff Hoffman               ok 1101 pitches
  [238/512] Albert Suárez              ok 1096 pitches
  [239/512] JR Ritchie                 ok 1176 pitches
  [240/512] Jonathan Loáisiga          ok 981 pitches
  [241/512] Kyle Hart                  ok 1137 pitches
  [242/512] Kyle Finnegan              ok 1078 pitches
  [243/512] Tyler Glasnow              ok 1124 pitches
  [244/512] Edgardo Henriquez          ok 1011 pitches
  [245/512] Ron Marinaccio             ok 1112 pitches
  [246/512] Brennan Bernardino         ok 992 pitches
  [247/512] Michael Petersen           ok 1096 pitches
  [248/512] Tanner Scott               ok 956 pitches
  [249/512] Mason Fluharty             ok 1039 pitches
  [250/512] Juan Morillo               ok 1067 pitches
  [251/512] Kodai Senga                ok 1131 pitches
  [252/512] Chris Paddack              ok 1189 pitches
  [253/512] Riley O'Brien              ok 1042 pitches
  [254/512] Jack Dreyer                ok 987 pitches
  [255/512] Ryan Rolison               ok 948 pitches
  [256/512] Bryan Abreu                ok 1090 pitches
  [257/512] Ryne Stanek                ok 1006 pitches
  [258/512] Sam Moll                   ok 1241 pitches
  [259/512] Camilo Doval               ok 961 pitches
  [260/512] Trevor Megill              ok 825 pitches
  [261/512] Yuki Matsui                ok 899 pitches
  [262/512] Bryan Baker                ok 1005 pitches
  [263/512] Shane Bieber               ok 913 pitches
  [264/512] Peyton Gray                ok 1079 pitches
  [265/512] Orion Kerkering            ok 1005 pitches
  [266/512] Fernando Cruz              ok 945 pitches
  [267/512] Alex Lange                 ok 1124 pitches
  [268/512] Chase Silseth              ok 1130 pitches
  [269/512] Stephen Kolek              ok 870 pitches
  [270/512] Bryan King                 ok 1003 pitches
  [271/512] Steven Cruz                ok 925 pitches
  [272/512] Hunter Dobbins             ok 921 pitches
  [273/512] Tim Hill                   ok 849 pitches
  [274/512] Greg Weissert              ok 935 pitches
  [275/512] Jonathan Bowlan            ok 1019 pitches
  [276/512] Luke Weaver                ok 887 pitches
  [277/512] Seranthony Domínguez       ok 988 pitches
  [278/512] Raisel Iglesias            ok 910 pitches
  [279/512] Ryan Yarbrough             ok 1040 pitches
  [280/512] Germán Márquez             ok 1174 pitches
  [281/512] Colin Holderman            ok 991 pitches
  [282/512] Tommy Nance                ok 941 pitches
  [283/512] John Schreiber             ok 1032 pitches
  [284/512] Jhoan Duran                ok 906 pitches
  [285/512] Anthony Nunez              ok 914 pitches
  [286/512] Gabriel Hughes             ok 985 pitches
  [287/512] Andrés Muñoz               ok 925 pitches
  [288/512] Taylor Rogers              ok 1047 pitches
  [289/512] Hunter Gaddis              ok 821 pitches
  [290/512] Alex Vesia                 ok 1026 pitches
  [291/512] Abner Uribe                ok 841 pitches
  [292/512] José Alvarado              ok 1109 pitches
  [293/512] Kris Bubic                 ok 931 pitches
  [294/512] Mitch Farris               ok 916 pitches
  [295/512] Cristian Javier            ok 1094 pitches
  [296/512] Tim Herrin                 ok 954 pitches
  [297/512] John King                  ok 837 pitches
  [298/512] Brooks Raley               ok 816 pitches
  [299/512] DL Hall                    ok 1014 pitches
  [300/512] Jakob Junis                ok 811 pitches
  [301/512] Yusei Kikuchi              ok 820 pitches
  [302/512] Victor Vodnik              ok 945 pitches
  [303/512] Tyler Kinley               ok 857 pitches
  [304/512] Patrick Sandoval           ok 836 pitches
  [305/512] Garrett Whitlock           ok 701 pitches
  [306/512] Aroldis Chapman            ok 896 pitches
  [307/512] Cole Winn                  ok 904 pitches
  [308/512] José Fermin                ok 933 pitches
  [309/512] Caleb Kilian               ok 911 pitches
  [310/512] Dennis Santana             ok 876 pitches
  [311/512] Elvis Alvarado             ok 877 pitches
  [312/512] Tejay Antone               ok 960 pitches
  [313/512] Cole Sulser                ok 889 pitches
  [314/512] Kody Funderburk            ok 930 pitches
  [315/512] Tobias Myers               ok 898 pitches
  [316/512] Erik Miller                ok 894 pitches
  [317/512] JoJo Romero                ok 880 pitches
  [318/512] Clayton Beeter             ok 871 pitches
  [319/512] Travis Adams               ok 806 pitches
  [320/512] Paul Sewald                ok 868 pitches
  [321/512] Sam Bachman                ok 917 pitches
  [322/512] Dylan Dodd                 ok 859 pitches
  [323/512] Trent Thornton             ok 669 pitches
  [324/512] Brandon Woodruff           ok 720 pitches
  [325/512] Grant Wolfram              ok 855 pitches
  [326/512] Chase Shugart              ok 924 pitches
  [327/512] Yennier Cano               ok 843 pitches
  [328/512] Andrew Kittredge           ok 659 pitches
  [329/512] Jimmy Herget               ok 975 pitches
  [330/512] Caleb Thielbar             ok 865 pitches
  [331/512] Mitch Bratt                ok 858 pitches
  [332/512] Jesse Scholtens            ok 830 pitches
  [333/512] Chase Dollander            ok 1024 pitches
  [334/512] Kyle Hurt                  ok 824 pitches
  [335/512] Craig Kimbrel              ok 811 pitches
  [336/512] Brandyn Garcia             ok 735 pitches
  [337/512] Lance McCullers Jr.        ok 984 pitches
  [338/512] Jordan Hicks               ok 904 pitches
  [339/512] Cade Gibson                ok 918 pitches
  [340/512] Matt Svanson               ok 887 pitches
  [341/512] Lucas Erceg                ok 908 pitches
  [342/512] Orlando Ribalta            ok 850 pitches
  [343/512] Evan Sisk                  ok 897 pitches
  [344/512] Blade Tidwell              ok 924 pitches
  [345/512] Justin Sterner             ok 822 pitches
  [346/512] Matt Waldron               ok 803 pitches
  [347/512] Keaton Winn                ok 750 pitches
  [348/512] Enmanuel De Jesus          ok 758 pitches
  [349/512] Pierce Johnson             ok 803 pitches
  [350/512] Erik Sabrowski             ok 840 pitches
  [351/512] Austin Warren              ok 871 pitches
  [352/512] Cionel Pérez               ok 769 pitches
  [353/512] Will Klein                 ok 875 pitches
  [354/512] Garrett Cleavinger         ok 828 pitches
  [355/512] Eric Orze                  ok 817 pitches
  [356/512] Jose Quintana              ok 818 pitches
  [357/512] Mason Barnett              ok 867 pitches
  [358/512] Pete Fairbanks             ok 809 pitches
  [359/512] Ryan Thompson              ok 820 pitches
  [360/512] Julian Garcia              ok 638 pitches
  [361/512] Mitchell Parker            ok 800 pitches
  [362/512] Hayden Wesneski            ok 584 pitches
  [363/512] Kenley Jansen              ok 715 pitches
  [364/512] Josh Hader                 ok 566 pitches
  [365/512] Will Dion                  ok 685 pitches
  [366/512] Gabe Speier                ok 638 pitches
  [367/512] Kirby Yates                ok 738 pitches
  [368/512] Nate Pearson               ok 586 pitches
  [369/512] Spencer Strider            ok 805 pitches
  [370/512] Tyron Guerrero             ok 728 pitches
  [371/512] Jake Bird                  ok 836 pitches
  [372/512] Ty Madden                  ok 749 pitches
  [373/512] Joel Kuhnel                ok 772 pitches
  [374/512] Isaac Mattson              ok 840 pitches
  [375/512] Devin Williams             ok 804 pitches
  [376/512] Hoby Milner                ok 718 pitches
  [377/512] Alex Hoppe                 ok 732 pitches
  [378/512] A.J. Minter                ok 530 pitches
  [379/512] Emilio Pagán               ok 687 pitches
  [380/512] Brandon Eisert             ok 785 pitches
  [381/512] Jacob Waguespack           ok 612 pitches
  [382/512] Tony Santillan             ok 744 pitches
  [383/512] PJ Poulin                  ok 761 pitches
  [384/512] Mason Englert              ok 681 pitches
  [385/512] Cole Ragans                ok 899 pitches
  [386/512] Cam Booser                 ok 659 pitches
  [387/512] Michael Rucker             ok 722 pitches
  [388/512] Matt Strahm                ok 749 pitches
  [389/512] Carson Whisenhunt          ok 793 pitches
  [390/512] Craig Yoho                 ok 627 pitches
  [391/512] Anthony Bender             ok 603 pitches
  [392/512] Robby Ahlstrom             ok 647 pitches
  [393/512] Anthony Banda              ok 716 pitches
  [394/512] Justin Lawrence            ok 813 pitches
  [395/512] Mike Paredes               ok 588 pitches
  [396/512] Bryse Wilson               ok 677 pitches
  [397/512] Sam Aldegheri              ok 700 pitches
  [398/512] Jaden Hill                 ok 757 pitches
  [399/512] Cade Povich                ok 658 pitches
  [400/512] Brady Basso                ok 577 pitches
  [401/512] Scott Barlow               ok 709 pitches
  [402/512] Brandon Williamson         ok 848 pitches
  [403/512] Mark Leiter Jr.            ok 660 pitches
  [404/512] Trey Gibson                ok 741 pitches
  [405/512] Shawn Armstrong            ok 704 pitches
  [406/512] Sam Hentges                ok 606 pitches
  [407/512] Caleb Ferguson             ok 621 pitches
  [408/512] Cooper Criswell            ok 735 pitches
  [409/512] Tyler Schweitzer           ok 609 pitches
  [410/512] JP Sears                   ok 726 pitches
  [411/512] Tyler Zuber                ok 710 pitches
  [412/512] Ryan Walker                ok 686 pitches
  [413/512] Drew Sommers               ok 573 pitches
  [414/512] Jason Adam                 ok 565 pitches
  [415/512] Paxton Schultz             ok 672 pitches
  [416/512] Blake Snell                ok 525 pitches
  [417/512] Robert Suarez              ok 557 pitches
  [418/512] Chase Petty                ok 552 pitches
  [419/512] Gus Varland                ok 721 pitches
  [420/512] Brad Keller                ok 603 pitches
  [421/512] Dylan Smith                ok 583 pitches
  [422/512] Mason Black                ok 676 pitches
  [423/512] Justin Slaten              ok 600 pitches
  [424/512] Jeremiah Estrada           ok 658 pitches
  [425/512] Cody Bradford              ok 489 pitches
  [426/512] Wilber Dotel               ok 605 pitches
  [427/512] Richard Lovelady           ok 660 pitches
  [428/512] Chris Murphy               ok 699 pitches
  [429/512] Garrett Crochet            ok 732 pitches
  [430/512] Chris Roycroft             ok 647 pitches
  [431/512] Lucas Giolito              ok 524 pitches
  [432/512] Tyler Davis                ok 498 pitches
  [433/512] Kendry Rojas               ok 614 pitches
  [434/512] Drew Pomeranz              ok 571 pitches
  [435/512] Victor Mederos             ok 566 pitches
  [436/512] Tanner Banks               ok 654 pitches
  [437/512] Luis Gastelum              ok 529 pitches
  [438/512] Graham Ashcraft            ok 616 pitches
  [439/512] Hunter Greene              ok 490 pitches
  [440/512] Samy Natera Jr.            ok 626 pitches
  [441/512] Phil Maton                 ok 655 pitches
  [442/512] Jackson Jobe               ok 490 pitches
  [443/512] Connor Phillips            ok 721 pitches
  [444/512] Ronel Blanco               ok 472 pitches
  [445/512] Nick Davila                ok 527 pitches
  [446/512] Matt Gage                  ok 643 pitches
  [447/512] Daniel Duarte              ok 443 pitches
  [448/512] Jordan Romano              ok 604 pitches
  [449/512] Jose Cabrera               ok 392 pitches
  [450/512] Alec Gamboa                ok 397 pitches
  [451/512] Elmer Rodríguez            ok 626 pitches
  [452/512] Cole Wilcox                ok 614 pitches
  [453/512] George Klassen             ok 743 pitches
  [454/512] Scott Blewett              ok 514 pitches
  [455/512] Will Vest                  ok 568 pitches
  [456/512] Adam Macko                 ok 532 pitches
  [457/512] Robert Stock               ok 562 pitches
  [458/512] Jalen Beeks                ok 428 pitches
  [459/512] Jake Woodford              ok 597 pitches
  [460/512] Luis Mey                   ok 661 pitches
  [461/512] Jonathan Pintaro           ok 505 pitches
  [462/512] Ethan Roberts              ok 534 pitches
  [463/512] Ryan Weiss                 ok 757 pitches
  [464/512] Alan Rangel                ok 630 pitches
  [465/512] Keegan Akin                ok 510 pitches
  [466/512] Brant Hurter               ok 477 pitches
  [467/512] Cam Sanders                ok 571 pitches
  [468/512] David Morgan               ok 568 pitches
  [469/512] Quinn Mathews              ok 675 pitches
  [470/512] José Urquidy               ok 616 pitches
  [471/512] David Sandlin              ok 405 pitches
  [472/512] Ryan Borucki               ok 454 pitches
  [473/512] Blake Treinen              ok 540 pitches
  [474/512] Jonathan Hernández         ok 555 pitches
  [475/512] Connor Seabold             ok 622 pitches
  [476/512] Jackson Kent               ok 442 pitches
  [477/512] Gavin Collyer              ok 603 pitches
  [478/512] Carson Seymour             ok 607 pitches
  [479/512] Blas Castaño               ok 473 pitches
  [480/512] Ryan Fernandez             ok 494 pitches
  [481/512] Beck Way                   ok 450 pitches
  [482/512] Bennett Sousa              ok 441 pitches
  [483/512] Seth Halvorsen             ok 594 pitches
  [484/512] Riley Cornelio             ok 524 pitches
  [485/512] Josh Ekness                ok 553 pitches
  [486/512] Seth Johnson               ok 591 pitches
  [487/512] Brendon Little             ok 537 pitches
  [488/512] Andrew Nardi               ok 461 pitches
  [489/512] Joe Mantiply               ok 373 pitches
  [490/512] Daniel Palencia            ok 448 pitches
  [491/512] Josh Walker                ok 415 pitches
  [492/512] Taijuan Walker             ok 552 pitches
  [493/512] Sean Sullivan              ok 587 pitches
  [494/512] Danny Coulombe             ok 418 pitches
  [495/512] Brenan Hanifee             ok 426 pitches
  [496/512] Justin Topa                ok 560 pitches
  [497/512] Luis Gil                   ok 727 pitches
  [498/512] Brock Stewart              ok 302 pitches
  [499/512] Trevor Williams            ok 403 pitches
  [500/512] Kohl Drake                 ok 493 pitches
  [501/512] Peyton Pallette            ok 534 pitches
  [502/512] Jose Franco                ok 456 pitches
  [503/512] Mick Abel                  ok 681 pitches
  [504/512] Tyler Samaniego            ok 404 pitches
  [505/512] Jonah Tong                 ok 367 pitches
  [506/512] Shaun Anderson             ok 570 pitches
  [507/512] Derek Law                  SKIP (thin)
  [508/512] Kyle Backhus               ok 472 pitches
  [509/512] Yerry De los Santos        ok 409 pitches
  [510/512] Cody Bolton                ok 460 pitches
  [511/512] Nick Pivetta               ok 482 pitches
  [512/512] AJ Smith-Shawver           ok 313 pitches
building league baseline from 653,068 pooled pitches…
  230 SP / 281 RP

wrote cards.json  —  511 pitchers, 5.47 MB
